---
source: kasane-core/src/config.rs
assertion_line: 698
expression: toml_str
---
[ui]
shadow = true
padding_char = "~"
border_style = "rounded"
status_position = "bottom"
backend = "tui"
image_protocol = "auto"

[scroll]
lines_per_scroll = 3
smooth = false
inertia = false

[log]
level = "warn"

[theme]

[menu]
position = "auto"
max_height = 10

[search]
dropdown = false

[clipboard]
enabled = true

[mouse]
drag_scroll = true

[window]
initial_cols = 80
initial_rows = 24
fullscreen = false
maximized = false

[font]
family = "monospace"
size = 14.0
style = "Regular"
fallback_list = []
line_height = 1.2
letter_spacing = 0.0

[colors]
default_fg = "#d4d4d4"
default_bg = "#1e1e1e"
black = "#000000"
red = "#cd3131"
green = "#0dbc79"
yellow = "#e5e510"
blue = "#2472c8"
magenta = "#bc3fbc"
cyan = "#11a8cd"
white = "#cccccc"
bright_black = "#666666"
bright_red = "#f14c4c"
bright_green = "#23d18b"
bright_yellow = "#f5f543"
bright_blue = "#3b8eea"
bright_magenta = "#d670d6"
bright_cyan = "#29b8db"
bright_white = "#e5e5e5"

[plugins]
enabled = []
disabled = []

[plugins.deny_capabilities]

[plugins.deny_authorities]

[plugins.selection]

[settings]
